[meditrack-j3oo.b12sites.com/index.html]
[backblue.gif]
[fade.gif]
[index.html]
[code.jquery.com/jquery-3.3.1.min.js]
[meditrack-j3oo.b12sites.com/assets/fonts/poppins-latin-ext-normal-400.woff2]
[meditrack-j3oo.b12sites.com/assets/fonts/poppins-latin-normal-400.woff2]
[meditrack-j3oo.b12sites.com/assets/fonts/poppins-latin-ext-normal-500.woff2]
[meditrack-j3oo.b12sites.com/assets/fonts/poppins-latin-normal-500.woff2]
[meditrack-j3oo.b12sites.com/assets/fonts/poppins-latin-ext-normal-600.woff2]
[meditrack-j3oo.b12sites.com/assets/fonts/poppins-latin-normal-600.woff2]
[meditrack-j3oo.b12sites.com/assets/fonts/poppins-latin-ext-normal-700.woff2]
[meditrack-j3oo.b12sites.com/assets/fonts/poppins-latin-normal-700.woff2]
[meditrack-j3oo.b12sites.com/assets/fonts/fontawesome-webfont-674f50d287a8c48dc19ba404d20fe713.eot]
[meditrack-j3oo.b12sites.com/assets/fonts/fontawesome-webfont-674f50d287a8c48dc19ba404d20fe713d41d.eot]
[meditrack-j3oo.b12sites.com/assets/fonts/fontawesome-webfont-fee66e712a8a08eef5805a46892932ad.17.delayed]
[meditrack-j3oo.b12sites.com/assets/fonts/fontawesome-webfont-fee66e712a8a08eef5805a46892932ad.woff]
[meditrack-j3oo.b12sites.com/assets/fonts/fontawesome-webfont-b06871f281fee6b241d60582ae9369b9.ttf]
[meditrack-j3oo.b12sites.com/assets/fonts/fontawesome-webfont-912ec66d7572ff821749319396470bde.svg]
[meditrack-j3oo.b12sites.com/assets/fonts/ajax-loader-c5cd7f5300576ab4c88202b42f6ded62.gif]
[meditrack-j3oo.b12sites.com/assets/fonts/slick-ced611daf7709cc778da928fec876475.eot]
[meditrack-j3oo.b12sites.com/assets/fonts/slick-ced611daf7709cc778da928fec876475d41d.eot]
[meditrack-j3oo.b12sites.com/assets/fonts/slick-b7c9e1e479de3b53f1e4e30ebac2403a.woff]
[meditrack-j3oo.b12sites.com/assets/fonts/slick-d41f55a78e6f49a5512878df1737e58a.ttf]
[meditrack-j3oo.b12sites.com/assets/fonts/slick-f97e3bbf73254b0112091d0192f17aec.svg]
[meditrack-j3oo.b12sites.com/window.2b.delayed]
[cdn.b12.io/client_media/943Bbhm3/7beb5862-f2bd-11ef-9000-0242ac110002-jpeg-hero_image.jpg]
[cdn.b12.io/client_media/943Bbhm3/7eeff89c-f2bd-11ef-9000-0242ac110002-jpg-hero_image.jpg]
[cdn.b12.io/client_media/943Bbhm3/8228f202-f2bd-11ef-9000-0242ac110002-jpg-hero_image.jpg]
[meditrack-j3oo.b12sites.com/medicine-availability-search.html]
[cdn.b12.io/client_media/943Bbhm3/825d4476-f2bd-11ef-9000-0242ac110002-jpg-regular_image.jpg]
[cdn.b12.io/client_media/943Bbhm3/81713702-f2bd-11ef-9000-0242ac110002-jpg-hero_image.jpg]
[meditrack-j3oo.b12sites.com/substitute-medicine-suggestions.html]
[cdn.b12.io/client_media/943Bbhm3/81849dba-f2bd-11ef-9000-0242ac110002-jpg-regular_image.jpg]
[meditrack-j3oo.b12sites.com/local-pharmacy-locator.html]
[cdn.b12.io/client_media/943Bbhm3/820fd3bc-f2bd-11ef-9000-0242ac110002-jpg-hero_image.jpg]
[cdn.b12.io/client_media/943Bbhm3/82429932-f2bd-11ef-9000-0242ac110002-jpg-regular_image.jpg]
[cdn.b12.io/client_media/943Bbhm3/828fa088-f2bd-11ef-9000-0242ac110002-jpg-hero_image.jpg]
[cdn.b12.io/client_media/943Bbhm3/829e3846-f2bd-11ef-9000-0242ac110002-jpg-regular_image.jpg]
[cdn.b12.io/client_media/943Bbhm3/81a6d22c-f2bd-11ef-9000-0242ac110002-jpg-hero_image.jpg]
[cdn.b12.io/client_media/943Bbhm3/81c9dfb0-f2bd-11ef-9000-0242ac110002-jpg-regular_image.jpg]
[meditrack-j3oo.b12sites.com/assets/bundle-26df06bbde665912c7803cd668f15047.js]
[meditrack-j3oo.b12sites.com/privacy-policy.html]
[cdn.b12.io/prod_traffic/global.js]
[www.google.com/recaptcha/apifb47.js]
[meditrack-j3oo.b12sites.com/index.html]
[meditrack-j3oo.b12sites.com/assets/fonts/fontawesome-webfont-fee66e712a8a08eef5805a46892932ad.html]
[meditrack-j3oo.b12sites.com/assets/fonts/fontawesome-webfont-912ec66d7572ff821749319396470bde.svg]
[meditrack-j3oo.b12sites.com/assets/fonts/slick-f97e3bbf73254b0112091d0192f17aec.svg]
[meditrack-j3oo.b12sites.com/index-2.html]
[meditrack-j3oo.b12sites.com/window.html]
[meditrack-j3oo.b12sites.com/medicine-availability-search.html]
[meditrack-j3oo.b12sites.com/substitute-medicine-suggestions.html]
[meditrack-j3oo.b12sites.com/local-pharmacy-locator.html]
[cdn.b12.io/client_media/943Bbhm3/7d1d53a2-f2bd-11ef-a982-0242ac110002-jpg-hero_image.jpg]
[meditrack-j3oo.b12sites.com/privacy-policy.html]
